PICO_SDK_PATH is C:/Users/Chen/.pico-sdk/sdk/2.3.0
Target board (PICO_BOARD) is 'waveshare_rp2350_plus_16mb'.
Using board configuration from C:/Users/Chen/.pico-sdk/sdk/2.3.0/src/boards/include/boards/waveshare_rp2350_plus_16mb.h
Pico Platform (PICO_PLATFORM) is 'rp2350-arm-s'.
-- Defaulting build type to 'Release' since not specified.
Detected GCC so defaulting PICO_COMPILER to `pico_arm_cortex_m33_gcc`
Configuring toolchain based on PICO_COMPILER 'pico_arm_cortex_m33_gcc'
Defaulting PICO_GCC_TRIPLE to 'arm-none-eabi'
-- The C compiler identification is GNU 15.2.1
-- The CXX compiler identification is GNU 15.2.1
-- The ASM compiler identification is GNU
-- Found assembler: C:/Users/Chen/.pico-sdk/toolchain/15_2_Rel1/bin/arm-none-eabi-gcc.exe
-- Detecting C compiler ABI info
-- Detecting C compiler ABI info - done
-- Check for working C compiler: C:/Users/Chen/.pico-sdk/toolchain/15_2_Rel1/bin/arm-none-eabi-gcc.exe - skipped
-- Detecting C compile features
-- Detecting C compile features - done
-- Detecting CXX compiler ABI info
-- Detecting CXX compiler ABI info - done
-- Check for working CXX compiler: C:/Users/Chen/.pico-sdk/toolchain/15_2_Rel1/bin/arm-none-eabi-g++.exe - skipped
-- Detecting CXX compile features
-- Detecting CXX compile features - done
Build type is Release
Using picotool from C:/Users/Chen/.pico-sdk/picotool/2.3.0/picotool/picotool.exe
-- Found Python3: C:/Users/Chen/AppData/Local/Python/pythoncore-3.14-64/python.exe (found version "3.14.5") found components: Interpreter
-- Detected native TLS (__aeabi_read_tp)
TinyUSB available at C:/Users/Chen/.pico-sdk/sdk/2.3.0/lib/tinyusb/hw/bsp/rp2040; enabling build support for USB.
BTstack available at C:/Users/Chen/.pico-sdk/sdk/2.3.0/lib/btstack
cyw43-driver available at C:/Users/Chen/.pico-sdk/sdk/2.3.0/lib/cyw43-driver
mbedtls available at C:/Users/Chen/.pico-sdk/sdk/2.3.0/lib/mbedtls
lwIP available at C:/Users/Chen/.pico-sdk/sdk/2.3.0/lib/lwip
C library type is newlib
-- Configuring done (5.1s)
-- Generating done (0.4s)
-- Build files have been written to: C:/Users/Chen/Desktop/Pico/PicoPhone/DeepSeekCode/wboard_dvi/build
[1/106] Building ASM object pico-sdk/src/rp2350/boot_stage2/CMakeFiles/bs2_default.dir/compile_time_choice.S.obj
[2/106] Generating frank_clock.pio.h
[3/106] Generating frank_serialiser.pio.h
[4/106] Linking ASM executable pico-sdk\src\rp2350\boot_stage2\bs2_default.elf
[5/106] Generating bs2_default.bin
[6/106] Generating bs2_default_padded.S
[7/106] Building ASM object CMakeFiles/dvi_min.dir/C_/Users/Chen/.pico-sdk/sdk/2.3.0/src/rp2_common/pico_platform_panic/custom_panic_function.S.obj
[8/106] Building ASM object CMakeFiles/dvi_min.dir/C_/Users/Chen/.pico-sdk/sdk/2.3.0/src/rp2_common/hardware_irq/irq_handler_chain.S.obj
[9/106] Building C object CMakeFiles/dvi_min.dir/C_/Users/Chen/.pico-sdk/sdk/2.3.0/src/rp2_common/pico_platform_common/common.c.obj
[10/106] Building C object CMakeFiles/dvi_min.dir/C_/Users/Chen/.pico-sdk/sdk/2.3.0/src/rp2350/pico_platform/platform.c.obj
[11/106] Building C object CMakeFiles/dvi_min.dir/C_/Users/Chen/.pico-sdk/sdk/2.3.0/src/rp2_common/hardware_sync/sync.c.obj
[12/106] Building C object CMakeFiles/dvi_min.dir/C_/Users/Chen/.pico-sdk/sdk/2.3.0/src/common/pico_sync/lock_core.c.obj
[13/106] Building C object CMakeFiles/dvi_min.dir/C_/Users/Chen/.pico-sdk/sdk/2.3.0/src/common/pico_sync/sem.c.obj
[14/106] Building C object CMakeFiles/dvi_min.dir/C_/Users/Chen/.pico-sdk/sdk/2.3.0/src/common/hardware_claim/claim.c.obj
[15/106] Building C object CMakeFiles/dvi_min.dir/C_/Users/Chen/.pico-sdk/sdk/2.3.0/src/rp2_common/hardware_sync_spin_lock/sync_spin_lock.c.obj
[16/106] Building C object CMakeFiles/dvi_min.dir/C_/Users/Chen/.pico-sdk/sdk/2.3.0/src/rp2_common/pico_stdlib/stdlib.c.obj
[17/106] Building C object CMakeFiles/dvi_min.dir/C_/Users/Chen/.pico-sdk/sdk/2.3.0/src/rp2_common/pico_platform_panic/panic.c.obj
[18/106] Building C object CMakeFiles/dvi_min.dir/C_/Users/Chen/Desktop/Pico/PicoPhone/DeepSeekCode/src/dvi_min.c.obj
[19/106] Building C object CMakeFiles/dvi_min.dir/C_/Users/Chen/.pico-sdk/sdk/2.3.0/src/common/pico_sync/critical_section.c.obj
[20/106] Building C object CMakeFiles/dvi_min.dir/C_/Users/Chen/.pico-sdk/sdk/2.3.0/src/rp2_common/hardware_irq/irq.c.obj
[21/106] Building C object CMakeFiles/dvi_min.dir/C_/Users/Chen/.pico-sdk/sdk/2.3.0/src/rp2_common/hardware_gpio/gpio.c.obj
[22/106] Building C object CMakeFiles/dvi_min.dir/C_/Users/Chen/.pico-sdk/sdk/2.3.0/src/common/pico_sync/mutex.c.obj
[23/106] Building C object CMakeFiles/dvi_min.dir/C_/Users/Chen/.pico-sdk/sdk/2.3.0/src/common/pico_time/timeout_helper.c.obj
[24/106] Building C object CMakeFiles/dvi_min.dir/C_/Users/Chen/.pico-sdk/sdk/2.3.0/src/common/pico_util/fixed_bitset.c.obj
[25/106] Building C object CMakeFiles/dvi_min.dir/C_/Users/Chen/.pico-sdk/sdk/2.3.0/src/common/pico_util/datetime.c.obj
[26/106] Building C object CMakeFiles/dvi_min.dir/C_/Users/Chen/.pico-sdk/sdk/2.3.0/src/rp2_common/hardware_pll/pll.c.obj
[27/106] Building C object CMakeFiles/dvi_min.dir/C_/Users/Chen/.pico-sdk/sdk/2.3.0/src/rp2_common/hardware_timer/timer.c.obj
[28/106] Building C object CMakeFiles/dvi_min.dir/C_/Users/Chen/.pico-sdk/sdk/2.3.0/src/rp2_common/hardware_vreg/vreg.c.obj
[29/106] Building C object CMakeFiles/dvi_min.dir/C_/Users/Chen/.pico-sdk/sdk/2.3.0/src/rp2_common/hardware_ticks/ticks.c.obj
[30/106] Building C object CMakeFiles/dvi_min.dir/C_/Users/Chen/.pico-sdk/sdk/2.3.0/src/rp2_common/hardware_uart/uart.c.obj
[31/106] Building C object CMakeFiles/dvi_min.dir/C_/Users/Chen/.pico-sdk/sdk/2.3.0/src/common/pico_util/queue.c.obj
[32/106] Building C object CMakeFiles/dvi_min.dir/C_/Users/Chen/.pico-sdk/sdk/2.3.0/src/rp2_common/hardware_watchdog/watchdog.c.obj
[33/106] Building C object CMakeFiles/dvi_min.dir/C_/Users/Chen/.pico-sdk/sdk/2.3.0/src/common/pico_util/pheap.c.obj
[34/106] Building C object CMakeFiles/dvi_min.dir/C_/Users/Chen/.pico-sdk/sdk/2.3.0/src/rp2_common/hardware_clocks/clocks.c.obj
[35/106] Building C object CMakeFiles/dvi_min.dir/C_/Users/Chen/.pico-sdk/sdk/2.3.0/src/common/pico_time/time.c.obj
[36/106] Building C object CMakeFiles/dvi_min.dir/C_/Users/Chen/.pico-sdk/sdk/2.3.0/src/rp2_common/pico_bootrom/bootrom_lock.c.obj
[37/106] Building C object CMakeFiles/dvi_min.dir/C_/Users/Chen/.pico-sdk/sdk/2.3.0/src/rp2_common/hardware_divider/divider.c.obj
[38/106] Building C object CMakeFiles/dvi_min.dir/C_/Users/Chen/.pico-sdk/sdk/2.3.0/src/rp2_common/hardware_boot_lock/boot_lock.c.obj
[39/106] Building C object CMakeFiles/dvi_min.dir/C_/Users/Chen/.pico-sdk/sdk/2.3.0/src/rp2_common/hardware_xosc/xosc.c.obj
[40/106] Building C object CMakeFiles/dvi_min.dir/C_/Users/Chen/.pico-sdk/sdk/2.3.0/src/rp2_common/pico_flash/flash.c.obj
[41/106] Building ASM object CMakeFiles/dvi_min.dir/C_/Users/Chen/.pico-sdk/sdk/2.3.0/src/rp2_common/pico_bit_ops/bit_ops_aeabi.S.obj
[42/106] Building C object CMakeFiles/dvi_min.dir/C_/Users/Chen/.pico-sdk/sdk/2.3.0/src/rp2_common/pico_runtime/runtime.c.obj
[43/106] Building C object CMakeFiles/dvi_min.dir/C_/Users/Chen/.pico-sdk/sdk/2.3.0/src/rp2_common/pico_bootrom/bootrom.c.obj
[44/106] Building C object CMakeFiles/dvi_min.dir/C_/Users/Chen/.pico-sdk/sdk/2.3.0/src/rp2_common/pico_runtime_init/runtime_init_stack_guard.c.obj
[45/106] Building ASM object CMakeFiles/dvi_min.dir/C_/Users/Chen/.pico-sdk/sdk/2.3.0/src/rp2_common/pico_double/double_aeabi_dcp.S.obj
[46/106] Building ASM object CMakeFiles/dvi_min.dir/C_/Users/Chen/.pico-sdk/sdk/2.3.0/src/rp2_common/pico_double/double_fma_dcp.S.obj
[47/106] Building C object CMakeFiles/dvi_min.dir/C_/Users/Chen/.pico-sdk/sdk/2.3.0/src/rp2_common/pico_runtime_init/runtime_init_clocks.c.obj
[48/106] Building ASM object CMakeFiles/dvi_min.dir/C_/Users/Chen/.pico-sdk/sdk/2.3.0/src/rp2_common/pico_double/double_conv_m33.S.obj
[49/106] Building ASM object CMakeFiles/dvi_min.dir/C_/Users/Chen/.pico-sdk/sdk/2.3.0/src/rp2_common/pico_double/double_sci_m33.S.obj
[50/106] Building ASM object CMakeFiles/dvi_min.dir/C_/Users/Chen/.pico-sdk/sdk/2.3.0/src/rp2_common/pico_float/float_conv32_vfp.S.obj
[51/106] Building ASM object CMakeFiles/dvi_min.dir/C_/Users/Chen/.pico-sdk/sdk/2.3.0/src/rp2_common/pico_float/float_sci_m33_vfp.S.obj
[52/106] Building C object CMakeFiles/dvi_min.dir/C_/Users/Chen/.pico-sdk/sdk/2.3.0/src/rp2_common/pico_divider/divider_compiler.c.obj
[53/106] Building ASM object CMakeFiles/dvi_min.dir/C_/Users/Chen/.pico-sdk/sdk/2.3.0/src/rp2_common/pico_float/float_common_m33.S.obj
[54/106] Building ASM object CMakeFiles/dvi_min.dir/C_/Users/Chen/.pico-sdk/sdk/2.3.0/src/rp2_common/pico_crt0/crt0.S.obj
[55/106] Building C object CMakeFiles/dvi_min.dir/C_/Users/Chen/.pico-sdk/sdk/2.3.0/src/rp2_common/pico_standard_binary_info/standard_binary_info.c.obj
[56/106] Building C object CMakeFiles/dvi_min.dir/C_/Users/Chen/.pico-sdk/sdk/2.3.0/src/rp2_common/pico_runtime_init/runtime_init.c.obj
[57/106] Building C object CMakeFiles/dvi_min.dir/C_/Users/Chen/.pico-sdk/sdk/2.3.0/src/rp2_common/pico_clib_interface/cxa_guard.c.obj
[58/106] Building C object CMakeFiles/dvi_min.dir/C_/Users/Chen/.pico-sdk/sdk/2.3.0/src/rp2_common/pico_malloc/malloc.c.obj
[59/106] Building CXX object CMakeFiles/dvi_min.dir/C_/Users/Chen/.pico-sdk/sdk/2.3.0/src/rp2_common/pico_cxx_options/new_delete.cpp.obj
[60/106] Building C object CMakeFiles/dvi_min.dir/C_/Users/Chen/.pico-sdk/sdk/2.3.0/src/rp2_common/pico_atomic/atomic.c.obj
[61/106] Building C object CMakeFiles/dvi_min.dir/C_/Users/Chen/.pico-sdk/sdk/2.3.0/src/rp2_common/pico_stdio_uart/stdio_uart.c.obj
[62/106] Building C object CMakeFiles/dvi_min.dir/C_/Users/Chen/.pico-sdk/sdk/2.3.0/src/rp2_common/pico_clib_interface/newlib_interface.c.obj
[63/106] Building C object CMakeFiles/dvi_min.dir/C_/Users/Chen/.pico-sdk/sdk/2.3.0/src/rp2_common/hardware_xip_cache/xip_cache.c.obj
[64/106] Building C object CMakeFiles/dvi_min.dir/C_/Users/Chen/.pico-sdk/sdk/2.3.0/src/rp2_common/pico_float/float_math.c.obj
[65/106] Building C object CMakeFiles/dvi_min.dir/C_/Users/Chen/.pico-sdk/sdk/2.3.0/src/rp2_common/pico_stdio_usb/stdio_usb.c.obj
[66/106] Building C object CMakeFiles/dvi_min.dir/C_/Users/Chen/.pico-sdk/sdk/2.3.0/src/rp2_common/pico_unique_id/unique_id.c.obj
[67/106] Building C object CMakeFiles/dvi_min.dir/C_/Users/Chen/.pico-sdk/sdk/2.3.0/src/rp2_common/pico_stdio/stdio.c.obj
[68/106] Building C object CMakeFiles/dvi_min.dir/C_/Users/Chen/.pico-sdk/sdk/2.3.0/src/rp2_common/pico_double/double_math.c.obj
[69/106] Building C object CMakeFiles/dvi_min.dir/C_/Users/Chen/.pico-sdk/sdk/2.3.0/src/rp2_common/pico_stdio_usb/stdio_usb_descriptors.c.obj
[70/106] Building C object CMakeFiles/dvi_min.dir/C_/Users/Chen/.pico-sdk/sdk/2.3.0/src/rp2_common/pico_usb_reset/usb_reset.c.obj
[71/106] Building C object CMakeFiles/dvi_min.dir/C_/Users/Chen/.pico-sdk/sdk/2.3.0/lib/tinyusb/src/class/audio/audio_device.c.obj
[72/106] Building C object CMakeFiles/dvi_min.dir/C_/Users/Chen/.pico-sdk/sdk/2.3.0/src/rp2_common/hardware_flash/flash.c.obj
[73/106] Building C object CMakeFiles/dvi_min.dir/C_/Users/Chen/.pico-sdk/sdk/2.3.0/lib/tinyusb/src/class/dfu/dfu_rt_device.c.obj
[74/106] Building C object CMakeFiles/dvi_min.dir/C_/Users/Chen/.pico-sdk/sdk/2.3.0/lib/tinyusb/src/class/dfu/dfu_device.c.obj
[75/106] Building C object CMakeFiles/dvi_min.dir/C_/Users/Chen/.pico-sdk/sdk/2.3.0/src/rp2_common/pico_printf/printf.c.obj
[76/106] Building C object CMakeFiles/dvi_min.dir/C_/Users/Chen/.pico-sdk/sdk/2.3.0/lib/tinyusb/src/class/midi/midi_device.c.obj
[77/106] Building C object CMakeFiles/dvi_min.dir/C_/Users/Chen/.pico-sdk/sdk/2.3.0/lib/tinyusb/src/portable/raspberrypi/rp2040/rp2040_usb.c.obj
[78/106] Building C object CMakeFiles/dvi_min.dir/C_/Users/Chen/.pico-sdk/sdk/2.3.0/lib/tinyusb/src/class/hid/hid_device.c.obj
[79/106] Building C object CMakeFiles/dvi_min.dir/C_/Users/Chen/.pico-sdk/sdk/2.3.0/lib/tinyusb/src/class/net/ecm_rndis_device.c.obj
[80/106] Building C object CMakeFiles/dvi_min.dir/C_/Users/Chen/.pico-sdk/sdk/2.3.0/lib/tinyusb/src/device/usbd_control.c.obj
[81/106] Building C object CMakeFiles/dvi_min.dir/C_/Users/Chen/.pico-sdk/sdk/2.3.0/lib/tinyusb/src/class/net/ncm_device.c.obj
[82/106] Building C object CMakeFiles/dvi_min.dir/C_/Users/Chen/.pico-sdk/sdk/2.3.0/lib/tinyusb/src/portable/raspberrypi/rp2040/dcd_rp2040.c.obj
[83/106] Building C object CMakeFiles/dvi_min.dir/C_/Users/Chen/.pico-sdk/sdk/2.3.0/lib/tinyusb/src/class/usbtmc/usbtmc_device.c.obj
[84/106] Building C object CMakeFiles/dvi_min.dir/C_/Users/Chen/.pico-sdk/sdk/2.3.0/lib/tinyusb/src/class/msc/msc_device.c.obj
[85/106] Building C object CMakeFiles/dvi_min.dir/C_/Users/Chen/.pico-sdk/sdk/2.3.0/lib/tinyusb/src/class/video/video_device.c.obj
[86/106] Building C object CMakeFiles/dvi_min.dir/C_/Users/Chen/.pico-sdk/sdk/2.3.0/lib/tinyusb/src/class/cdc/cdc_device.c.obj
[87/106] Building C object CMakeFiles/dvi_min.dir/C_/Users/Chen/.pico-sdk/sdk/2.3.0/lib/tinyusb/src/class/vendor/vendor_device.c.obj
[88/106] Building C object CMakeFiles/dvi_min.dir/C_/Users/Chen/.pico-sdk/sdk/2.3.0/lib/tinyusb/src/device/usbd.c.obj
[89/106] Building C object CMakeFiles/dvi_min.dir/C_/Users/Chen/.pico-sdk/sdk/2.3.0/src/rp2_common/pico_fix/rp2040_usb_device_enumeration/rp2040_usb_device_enumeration.c.obj
[90/106] Building C object CMakeFiles/dvi_min.dir/C_/Users/Chen/.pico-sdk/sdk/2.3.0/src/rp2_common/pico_thread_local/thread_local.c.obj
[91/106] Building ASM object CMakeFiles/dvi_min.dir/C_/Users/Chen/Desktop/Pico/PicoPhone/DeepSeekCode/third_party/frank-hdmi-sound/src/frank_tmds.S.obj
[92/106] Building C object CMakeFiles/dvi_min.dir/C_/Users/Chen/.pico-sdk/sdk/2.3.0/src/rp2_common/hardware_dma/dma.c.obj
[93/106] Building C object CMakeFiles/dvi_min.dir/C_/Users/Chen/Desktop/Pico/PicoPhone/DeepSeekCode/third_party/frank-hdmi-sound/src/frank_audio_ring.c.obj
[94/106] Building ASM object pico-sdk/src/rp2350/boot_stage2/CMakeFiles/bs2_default_library.dir/bs2_default_padded.S.obj
[95/106] Building C object CMakeFiles/dvi_min.dir/C_/Users/Chen/Desktop/Pico/PicoPhone/DeepSeekCode/third_party/frank-hdmi-sound/src/frank_tmds.c.obj
[96/106] Building C object CMakeFiles/dvi_min.dir/C_/Users/Chen/.pico-sdk/sdk/2.3.0/lib/tinyusb/src/tusb.c.obj
[97/106] Building C object CMakeFiles/dvi_min.dir/C_/Users/Chen/.pico-sdk/sdk/2.3.0/lib/tinyusb/src/common/tusb_fifo.c.obj
[98/106] Building C object CMakeFiles/dvi_min.dir/C_/Users/Chen/.pico-sdk/sdk/2.3.0/src/rp2_common/hardware_interp/interp.c.obj
[99/106] Building C object CMakeFiles/dvi_min.dir/C_/Users/Chen/.pico-sdk/sdk/2.3.0/src/rp2_common/hardware_pio/pio.c.obj
[100/106] Building C object CMakeFiles/dvi_min.dir/C_/Users/Chen/Desktop/Pico/PicoPhone/DeepSeekCode/third_party/frank-hdmi-sound/src/frank_serialiser.c.obj
[101/106] Building C object CMakeFiles/dvi_min.dir/C_/Users/Chen/Desktop/Pico/PicoPhone/DeepSeekCode/third_party/frank-hdmi-sound/src/frank_hdmi.c.obj
[102/106] Building C object CMakeFiles/dvi_min.dir/C_/Users/Chen/.pico-sdk/sdk/2.3.0/src/rp2_common/pico_multicore/multicore.c.obj
[103/106] Building C object CMakeFiles/dvi_min.dir/C_/Users/Chen/Desktop/Pico/PicoPhone/DeepSeekCode/third_party/frank-hdmi-sound/src/frank_dvi_timing.c.obj
[104/106] Building C object CMakeFiles/dvi_min.dir/C_/Users/Chen/Desktop/Pico/PicoPhone/DeepSeekCode/third_party/frank-hdmi-sound/src/frank_data_packet.c.obj
[105/106] Building C object CMakeFiles/dvi_min.dir/C_/Users/Chen/Desktop/Pico/PicoPhone/DeepSeekCode/third_party/frank-hdmi-sound/src/frank_dvi.c.obj
[106/106] Linking CXX executable dvi_min.elf
